Semantic error: Undeclared identifier on line 2 in position 7