Semantic error: Term not a function on line 4 in position 3