void function (main)
|
+---(i)
|
+---{stmt}
    |
    +---(i)