Semantic error: Term not an array on line 4 in position 3