Semantic error: Undeclared identifier on line 6 in position 3