<external>
|
+---void function (f)
|   |
|   +---{stmt}
        |
        +---(i)
|
+---void function (main)
    |
    +---{stmt}
        |
        +---(i)