Semantic error: Redefinition identifier on line 3 in position 6