1	1	identificator		identificator
1	14	eof		End of file
