1	1	identificator		_identificator
1	15	eof		End of file
