1	1	identificator		ident_ificator
1	15	eof		End of file