1	1	identificator		i111dentificator
1	17	eof		End of file