Lexical error: Invalid identificator: "4identificator" on line 1 in position 2