Lexical error: Invalid real number: "5465e" on line 1 in position 5