1	1	float		9.0
1	4	operation		-
1	5	integer		5
1	6	eof		End of file