1	1	integer		45
1	3	operation		-
1	4	identificator		e3
1	6	eof		End of file