Lexical error: Invalid identificator: "45g" on line 1 in position 1