1	1	operation		+
1	2	float		4.3e-5
1	8	eof		End of file