1	1	ESCAPE		\n
2	1	ESCAPE		\t
3	1	ESCAPE		\v
4	1	ESCAPE		\b
5	1	ESCAPE		\r
6	1	ESCAPE		\f
7	1	ESCAPE		\'
8	1	ESCAPE		\"
9	1	ESCAPE		\\