Lexical error: Invalid ESCAPE-sequence: "\y" on line 1 in position 1