Lexical error: Invalid ESCAPE-sequence: "\&" on line 1 in position 3