1	1	string		hello
1	8	string		world
1	15	eof		End of file
