1	1	string		hello
2	1	string		world
2	8	eof		End of file