1	1	char		a
1	4	char		b
1	7	char		c
1	10	char		d
1	13	escape		\n
1	17	eof		End of file