1	1	separator		(
2	1	separator		)
3	1	separator		[
4	1	separator		]
5	1	separator		{
6	1	separator		}
7	1	separator		;
8	1	separator		,
8	2	eof		End of file
