1	1	operation		+
2	1	operation		-
3	1	operation		*
4	1	operation		/
5	1	operation		==
6	1	operation		>=
7	1	operation		<=
8	1	operation		!=
9	1	operation		=
10	1	operation		%
11	1	operation		<
12	1	operation		>
13	1	operation		!
14	1	operation		.
15	1	operation		++
16	1	operation		--
17	1	operation		>>
18	1	operation		<<
19	1	operation		&
20	1	operation		|
21	1	operation		||
22	1	operation		&&
23	1	operation		^
24	1	operation		+=
25	1	operation		-=
26	1	operation		*=
27	1	operation		/=
28	1	operation		%=
29	1	operation		&=
30	1	operation		|=
31	1	operation		^=
32	1	operation		->
33	1	operation		?
34	1	operation		:
34	2	eof		End of file