1	1	operation		==
1	3	operation		+
1	4	eof		End of file