1	1	keyword		int
1	5	identificator		main
1	9	separator		(
1	10	separator		)
1	12	separator		{
2	5	keyword		return
2	12	integer		0
2	13	separator		;
3	1	separator		}
3	2	eof		End of file