Lexical error: Indefinite character: "$" on line 1 in position 1
