Lexical error: Too many long character constant: "\na" on line 1 in position 4