Lexical error: Tabulation symbol in character constant on line 1 in position 2