Syntax error: Expression without ';' on line 1 in position 14
