Syntax error: Ternary expression without false-condition on line 1 in position 8