Syntax error: Assignment expression without right operand on line 1 in position 5