Syntax error: Enumeration without expression after ',' on line 1 in position 3