Syntax error: Binary expression without right operand on line 1 in position 5