Syntax error: Cast expression without right operand on line 1 in position 6