Syntax error: No left operand on line 1 in position 3