int function (f)
|
+---(i)
|
+---{stmt}
    |
    +---(expr)