Syntax error: Iteration statement without ')' on line 1 in position 12