Syntax error: Iteration statement without separator in condition on line 1 in position 11