int function (f)
|
+---(,)
|   |
|   +---(j)
|   |
|   +---(i)
|
+---{stmt}
    |
    +---(return)
        |
        +---(0)