(,)
|
+---(=)
|   |
|   +---(i)
|   |
|   +---(0)
|
+---(=)
    |
    +---(c)
    |
    +---(1)