(,)
|
+---(i)
|
+---(,)
    |
    +---(j)
    |
    +---(,)
        |
        +---(k)
        |
        +---(,)
            |
            +---(f)
            |
            +---(g)