{stmt}
|
+---<decl>
    |
    +---(i)
    |
    +---<decl>
        |
        +---(f)
        |
        +---(c)
