Syntax error: Iteration statement without expression on line 1 in position 7