Syntax error: Compound statement without '}' on line 1 in position 3