Syntax error: Jump statement without ';' on line 1 in position 8